01:14:25 **** Incremental Build of configuration Debug for project stm32f407xx_drivers ****
make -j4 all 
arm-none-eabi-size   stm32f407xx_drivers.elf 
   text	   data	    bss	    dec	    hex	filename
   1684	      8	   1568	   3260	    cbc	stm32f407xx_drivers.elf
Finished building: default.size.stdout
 
01:14:45 **** Incremental Build of configuration Debug for project stm32f407xx_drivers ****
make -j4 all 
arm-none-eabi-size   stm32f407xx_drivers.elf 
   text	   data	    bss	    dec	    hex	filename
   1684	      8	   1568	   3260	    cbc	stm32f407xx_drivers.elf
Finished building: default.size.stdout
 
